Changes not staged for commit:
  (use "git add/rm <file>..." to update what will be committed)
  (use "git restore <file>..." to discard changes in working directory)
	modified:   01_get_next_line/.vscode/settings.json
	modified:   01_get_next_line/a.out
	modified:   01_get_next_line/get_next_line1.c
	deleted:    01_get_next_line/get_next_line2.c
	modified:   01_get_next_line/get_next_line_utils.c

Untracked files:
  (use "git add <file>..." to include in what will be committed)
	01_get_next_line/get_next_line1_copy.c

no changes added to commit (use "git add" and/or "git commit -a")
c3r2p4% git add .
c3r2p4% git commit -m "it wooorks - thanks to Balász. next: testing and norminette"
[main 3afa58e] it wooorks - thanks to Balász. next: testing and norminette
 6 files changed, 233 insertions(+), 35 deletions(-)
 create mode 100644 01_get_next_line/get_next_line1_copy.c
 delete mode 100644 01_get_next_line/get_next_line2.c
c3r2p4% git push
Enumerating objects: 16, done.
Counting objects: 100% (16/16), done.
Delta compression using up to 16 threads
Compressing objects: 100% (9/9), done.
Writing objects: 100% (9/9), 5.34 KiB | 5.34 MiB/s, done.
Total 9 (delta 5), reused 0 (delta 0), pack-reused 0
remote: Resolving deltas: 100% (5/5), completed with 4 local objects.
To github.com:mararap/42_CommonCore.git
   6ea2de1..3afa58e  main -> main
c3r2p4% cd 01_get_next_line 
c3r2p4% code .
c3r2p4% cc -g get_next_line1_copy.c get_next_line_utils.c
c3r2p4% ./a.out   
testing for
testing reasons(null)(null)(null)(null)%                             c3r2p4% cc -g get_next_line1_copy.c get_next_line_utils.c
c3r2p4% ./a.out                                          
testing for
testing reasons(null)(null)(null)(null)%                             c3r2p4% 
Changes not staged for commit:
  (use "git add/rm <file>..." to update what will be committed)
  (use "git restore <file>..." to discard changes in working directory)
	modified:   01_get_next_line/.vscode/settings.json
	modified:   01_get_next_line/a.out
	modified:   01_get_next_line/get_next_line1.c
	deleted:    01_get_next_line/get_next_line2.c
	modified:   01_get_next_line/get_next_line_utils.c

Untracked files:
  (use "git add <file>..." to include in what will be committed)
	01_get_next_line/get_next_line1_copy.c

no changes added to commit (use "git add" and/or "git commit -a")
c3r2p4% git add .
c3r2p4% git commit -m "it wooorks - thanks to Balász. next: testing and norminette"
[main 3afa58e] it wooorks - thanks to Balász. next: testing and norminette
 6 files changed, 233 insertions(+), 35 deletions(-)
 create mode 100644 01_get_next_line/get_next_line1_copy.c
 delete mode 100644 01_get_next_line/get_next_line2.c
c3r2p4% git push
Enumerating objects: 16, done.
Counting objects: 100% (16/16), done.
Delta compression using up to 16 threads
Compressing objects: 100% (9/9), done.
Writing objects: 100% (9/9), 5.34 KiB | 5.34 MiB/s, done.
Total 9 (delta 5), reused 0 (delta 0), pack-reused 0
remote: Resolving deltas: 100% (5/5), completed with 4 local objects.
To github.com:mararap/42_CommonCore.git
   6ea2de1..3afa58e  main -> main
c3r2p4% cd 01_get_next_line 
c3r2p4% code .
c3r2p4% cc -g get_next_line1_copy.c get_next_line_utils.c
c3r2p4% ./a.out   
testing for
testing reasons(null)(null)(null)(null)%                             c3r2p4% cc -g get_next_line1_copy.c get_next_line_utils.c
c3r2p4% ./a.out                                          
testing for
testing reasons(null)(null)(null)(null)%                             c3r2p4% 
Changes not staged for commit:
  (use "git add/rm <file>..." to update what will be committed)
  (use "git restore <file>..." to discard changes in working directory)
	modified:   01_get_next_line/.vscode/settings.json
	modified:   01_get_next_line/a.out
	modified:   01_get_next_line/get_next_line1.c
	deleted:    01_get_next_line/get_next_line2.c
	modified:   01_get_next_line/get_next_line_utils.c

Untracked files:
  (use "git add <file>..." to include in what will be committed)
	01_get_next_line/get_next_line1_copy.c

no changes added to commit (use "git add" and/or "git commit -a")
c3r2p4% git add .
c3r2p4% git commit -m "it wooorks - thanks to Balász. next: testing and norminette"
[main 3afa58e] it wooorks - thanks to Balász. next: testing and norminette
 6 files changed, 233 insertions(+), 35 deletions(-)
 create mode 100644 01_get_next_line/get_next_line1_copy.c
 delete mode 100644 01_get_next_line/get_next_line2.c
c3r2p4% git push
Enumerating objects: 16, done.
Counting objects: 100% (16/16), done.
Delta compression using up to 16 threads
Compressing objects: 100% (9/9), done.
Writing objects: 100% (9/9), 5.34 KiB | 5.34 MiB/s, done.
Total 9 (delta 5), reused 0 (delta 0), pack-reused 0
remote: Resolving deltas: 100% (5/5), completed with 4 local objects.
To github.com:mararap/42_CommonCore.git
   6ea2de1..3afa58e  main -> main
c3r2p4% cd 01_get_next_line 
c3r2p4% code .
c3r2p4% cc -g get_next_line1_copy.c get_next_line_utils.c
c3r2p4% ./a.out   
testing for
testing reasons(null)(null)(null)(null)%                             c3r2p4% cc -g get_next_line1_copy.c get_next_line_utils.c
c3r2p4% ./a.out                                          
testing for
testing reasons(null)(null)(null)(null)%                             c3r2p4% 
Changes not staged for commit:
  (use "git add/rm <file>..." to update what will be committed)
  (use "git restore <file>..." to discard changes in working directory)
	modified:   01_get_next_line/.vscode/settings.json
	modified:   01_get_next_line/a.out
	modified:   01_get_next_line/get_next_line1.c
	deleted:    01_get_next_line/get_next_line2.c
	modified:   01_get_next_line/get_next_line_utils.c

Untracked files:
  (use "git add <file>..." to include in what will be committed)
	01_get_next_line/get_next_line1_copy.c

no changes added to commit (use "git add" and/or "git commit -a")
c3r2p4% git add .
c3r2p4% git commit -m "it wooorks - thanks to Balász. next: testing and norminette"
[main 3afa58e] it wooorks - thanks to Balász. next: testing and norminette
 6 files changed, 233 insertions(+), 35 deletions(-)
 create mode 100644 01_get_next_line/get_next_line1_copy.c
 delete mode 100644 01_get_next_line/get_next_line2.c
c3r2p4% git push
Enumerating objects: 16, done.
Counting objects: 100% (16/16), done.
Delta compression using up to 16 threads
Compressing objects: 100% (9/9), done.
Writing objects: 100% (9/9), 5.34 KiB | 5.34 MiB/s, done.
Total 9 (delta 5), reused 0 (delta 0), pack-reused 0
remote: Resolving deltas: 100% (5/5), completed with 4 local objects.
To github.com:mararap/42_CommonCore.git
   6ea2de1..3afa58e  main -> main
c3r2p4% cd 01_get_next_line 
c3r2p4% code .
c3r2p4% cc -g get_next_line1_copy.c get_next_line_utils.c
c3r2p4% ./a.out   
testing for
testing reasons(null)(null)(null)(null)%                             c3r2p4% cc -g get_next_line1_copy.c get_next_line_utils.c
c3r2p4% ./a.out                                          
testing for
testing reasons(null)(null)(null)(null)%                             c3r2p4% 
Changes not staged for commit:
  (use "git add/rm <file>..." to update what will be committed)
  (use "git restore <file>..." to discard changes in working directory)
	modified:   01_get_next_line/.vscode/settings.json
	modified:   01_get_next_line/a.out
	modified:   01_get_next_line/get_next_line1.c
	deleted:    01_get_next_line/get_next_line2.c
	modified:   01_get_next_line/get_next_line_utils.c

Untracked files:
  (use "git add <file>..." to include in what will be committed)
	01_get_next_line/get_next_line1_copy.c

no changes added to commit (use "git add" and/or "git commit -a")
c3r2p4% git add .
c3r2p4% git commit -m "it wooorks - thanks to Balász. next: testing and norminette"
[main 3afa58e] it wooorks - thanks to Balász. next: testing and norminette
 6 files changed, 233 insertions(+), 35 deletions(-)
 create mode 100644 01_get_next_line/get_next_line1_copy.c
 delete mode 100644 01_get_next_line/get_next_line2.c
c3r2p4% git push
Enumerating objects: 16, done.
Counting objects: 100% (16/16), done.
Delta compression using up to 16 threads
Compressing objects: 100% (9/9), done.
Writing objects: 100% (9/9), 5.34 KiB | 5.34 MiB/s, done.
Total 9 (delta 5), reused 0 (delta 0), pack-reused 0
remote: Resolving deltas: 100% (5/5), completed with 4 local objects.
To github.com:mararap/42_CommonCore.git
   6ea2de1..3afa58e  main -> main
c3r2p4% cd 01_get_next_line 
c3r2p4% code .
c3r2p4% cc -g get_next_line1_copy.c get_next_line_utils.c
c3r2p4% ./a.out   
testing for
testing reasons(null)(null)(null)(null)%                             c3r2p4% cc -g get_next_line1_copy.c get_next_line_utils.c
c3r2p4% ./a.out                                          
testing for
testing reasons(null)(null)(null)(null)%                             c3r2p4% 
Changes not staged for commit:
  (use "git add/rm <file>..." to update what will be committed)
  (use "git restore <file>..." to discard changes in working directory)
	modified:   01_get_next_line/.vscode/settings.json
	modified:   01_get_next_line/a.out
	modified:   01_get_next_line/get_next_line1.c
	deleted:    01_get_next_line/get_next_line2.c
	modified:   01_get_next_line/get_next_line_utils.c

Untracked files:
  (use "git add <file>..." to include in what will be committed)
	01_get_next_line/get_next_line1_copy.c

no changes added to commit (use "git add" and/or "git commit -a")
c3r2p4% git add .
c3r2p4% git commit -m "it wooorks - thanks to Balász. next: testing and norminette"
[main 3afa58e] it wooorks - thanks to Balász. next: testing and norminette
 6 files changed, 233 insertions(+), 35 deletions(-)
 create mode 100644 01_get_next_line/get_next_line1_copy.c
 delete mode 100644 01_get_next_line/get_next_line2.c
c3r2p4% git push
Enumerating objects: 16, done.
Counting objects: 100% (16/16), done.
Delta compression using up to 16 threads
Compressing objects: 100% (9/9), done.
Writing objects: 100% (9/9), 5.34 KiB | 5.34 MiB/s, done.
Total 9 (delta 5), reused 0 (delta 0), pack-reused 0
remote: Resolving deltas: 100% (5/5), completed with 4 local objects.
To github.com:mararap/42_CommonCore.git
   6ea2de1..3afa58e  main -> main
c3r2p4% cd 01_get_next_line 
c3r2p4% code .
c3r2p4% cc -g get_next_line1_copy.c get_next_line_utils.c
c3r2p4% ./a.out   
testing for
testing reasons(null)(null)(null)(null)%                             c3r2p4% cc -g get_next_line1_copy.c get_next_line_utils.c
c3r2p4% ./a.out                                          
testing for
testing reasons(null)(null)(null)(null)%                             c3r2p4% 
Changes not staged for commit:
  (use "git add/rm <file>..." to update what will be committed)
  (use "git restore <file>..." to discard changes in working directory)
	modified:   01_get_next_line/.vscode/settings.json
	modified:   01_get_next_line/a.out
	modified:   01_get_next_line/get_next_line1.c
	deleted:    01_get_next_line/get_next_line2.c
	modified:   01_get_next_line/get_next_line_utils.c

Untracked files:
  (use "git add <file>..." to include in what will be committed)
	01_get_next_line/get_next_line1_copy.c

no changes added to commit (use "git add" and/or "git commit -a")
c3r2p4% git add .
c3r2p4% git commit -m "it wooorks - thanks to Balász. next: testing and norminette"
[main 3afa58e] it wooorks - thanks to Balász. next: testing and norminette
 6 files changed, 233 insertions(+), 35 deletions(-)
 create mode 100644 01_get_next_line/get_next_line1_copy.c
 delete mode 100644 01_get_next_line/get_next_line2.c
c3r2p4% git push
Enumerating objects: 16, done.
Counting objects: 100% (16/16), done.
Delta compression using up to 16 threads
Compressing objects: 100% (9/9), done.
Writing objects: 100% (9/9), 5.34 KiB | 5.34 MiB/s, done.
Total 9 (delta 5), reused 0 (delta 0), pack-reused 0
remote: Resolving deltas: 100% (5/5), completed with 4 local objects.
To github.com:mararap/42_CommonCore.git
   6ea2de1..3afa58e  main -> main
c3r2p4% cd 01_get_next_line 
c3r2p4% code .
c3r2p4% cc -g get_next_line1_copy.c get_next_line_utils.c
c3r2p4% ./a.out   
testing for
testing reasons(null)(null)(null)(null)%                             c3r2p4% cc -g get_next_line1_copy.c get_next_line_utils.c
c3r2p4% ./a.out                                          
testing for
testing reasons(null)(null)(null)(null)%                             c3r2p4% 
Changes not staged for commit:
  (use "git add/rm <file>..." to update what will be committed)
  (use "git restore <file>..." to discard changes in working directory)
	modified:   01_get_next_line/.vscode/settings.json
	modified:   01_get_next_line/a.out
	modified:   01_get_next_line/get_next_line1.c
	deleted:    01_get_next_line/get_next_line2.c
	modified:   01_get_next_line/get_next_line_utils.c

Untracked files:
  (use "git add <file>..." to include in what will be committed)
	01_get_next_line/get_next_line1_copy.c

no changes added to commit (use "git add" and/or "git commit -a")
c3r2p4% git add .
c3r2p4% git commit -m "it wooorks - thanks to Balász. next: testing and norminette"
[main 3afa58e] it wooorks - thanks to Balász. next: testing and norminette
 6 files changed, 233 insertions(+), 35 deletions(-)
 create mode 100644 01_get_next_line/get_next_line1_copy.c
 delete mode 100644 01_get_next_line/get_next_line2.c
c3r2p4% git push
Enumerating objects: 16, done.
Counting objects: 100% (16/16), done.
Delta compression using up to 16 threads
Compressing objects: 100% (9/9), done.
Writing objects: 100% (9/9), 5.34 KiB | 5.34 MiB/s, done.
Total 9 (delta 5), reused 0 (delta 0), pack-reused 0
remote: Resolving deltas: 100% (5/5), completed with 4 local objects.
To github.com:mararap/42_CommonCore.git
   6ea2de1..3afa58e  main -> main
c3r2p4% cd 01_get_next_line 
c3r2p4% code .
c3r2p4% cc -g get_next_line1_copy.c get_next_line_utils.c
c3r2p4% ./a.out   
testing for
testing reasons(null)(null)(null)(null)%                             c3r2p4% cc -g get_next_line1_copy.c get_next_line_utils.c
c3r2p4% ./a.out                                          
testing for
testing reasons(null)(null)(null)(null)%                             c3r2p4% 
Changes not staged for commit:
  (use "git add/rm <file>..." to update what will be committed)
  (use "git restore <file>..." to discard changes in working directory)
	modified:   01_get_next_line/.vscode/settings.json
	modified:   01_get_next_line/a.out
	modified:   01_get_next_line/get_next_line1.c
	deleted:    01_get_next_line/get_next_line2.c
	modified:   01_get_next_line/get_next_line_utils.c

Untracked files:
  (use "git add <file>..." to include in what will be committed)
	01_get_next_line/get_next_line1_copy.c

no changes added to commit (use "git add" and/or "git commit -a")
c3r2p4% git add .
c3r2p4% git commit -m "it wooorks - thanks to Balász. next: testing and norminette"
[main 3afa58e] it wooorks - thanks to Balász. next: testing and norminette
 6 files changed, 233 insertions(+), 35 deletions(-)
 create mode 100644 01_get_next_line/get_next_line1_copy.c
 delete mode 100644 01_get_next_line/get_next_line2.c
c3r2p4% git push
Enumerating objects: 16, done.
Counting objects: 100% (16/16), done.
Delta compression using up to 16 threads
Compressing objects: 100% (9/9), done.
Writing objects: 100% (9/9), 5.34 KiB | 5.34 MiB/s, done.
Total 9 (delta 5), reused 0 (delta 0), pack-reused 0
remote: Resolving deltas: 100% (5/5), completed with 4 local objects.
To github.com:mararap/42_CommonCore.git
   6ea2de1..3afa58e  main -> main
c3r2p4% cd 01_get_next_line 
c3r2p4% code .
c3r2p4% cc -g get_next_line1_copy.c get_next_line_utils.c
c3r2p4% ./a.out   
testing for
testing reasons(null)(null)(null)(null)%                             c3r2p4% cc -g get_next_line1_copy.c get_next_line_utils.c
c3r2p4% ./a.out                                          
testing for
testing reasons(null)(null)(null)(null)%                             c3r2p4% 
Changes not staged for commit:
  (use "git add/rm <file>..." to update what will be committed)
  (use "git restore <file>..." to discard changes in working directory)
	modified:   01_get_next_line/.vscode/settings.json
	modified:   01_get_next_line/a.out
	modified:   01_get_next_line/get_next_line1.c
	deleted:    01_get_next_line/get_next_line2.c
	modified:   01_get_next_line/get_next_line_utils.c

Untracked files:
  (use "git add <file>..." to include in what will be committed)
	01_get_next_line/get_next_line1_copy.c

no changes added to commit (use "git add" and/or "git commit -a")
c3r2p4% git add .
c3r2p4% git commit -m "it wooorks - thanks to Balász. next: testing and norminette"
[main 3afa58e] it wooorks - thanks to Balász. next: testing and norminette
 6 files changed, 233 insertions(+), 35 deletions(-)
 create mode 100644 01_get_next_line/get_next_line1_copy.c
 delete mode 100644 01_get_next_line/get_next_line2.c
c3r2p4% git push
Enumerating objects: 16, done.
Counting objects: 100% (16/16), done.
Delta compression using up to 16 threads
Compressing objects: 100% (9/9), done.
Writing objects: 100% (9/9), 5.34 KiB | 5.34 MiB/s, done.
Total 9 (delta 5), reused 0 (delta 0), pack-reused 0
remote: Resolving deltas: 100% (5/5), completed with 4 local objects.
To github.com:mararap/42_CommonCore.git
   6ea2de1..3afa58e  main -> main
c3r2p4% cd 01_get_next_line 
c3r2p4% code .
c3r2p4% cc -g get_next_line1_copy.c get_next_line_utils.c
c3r2p4% ./a.out   
testing for
testing reasons(null)(null)(null)(null)%                             c3r2p4% cc -g get_next_line1_copy.c get_next_line_utils.c
c3r2p4% ./a.out                                          
testing for
testing reasons(null)(null)(null)(null)%                             c3r2p4% 
